[     134ms] [INFO] %cDownload the React DevTools for a better development experience: https://react.dev/link/react-devtools font-weight:bold @ http://localhost:5173/node_modules/.vite/deps/react-dom_client.js?v=2e27883e:20100
[     167ms] [ERROR] Failed to load resource: the server responded with a status of 404 (Not Found) @ http://localhost:5173/favicon.ico:0
[ 1682277ms] [INFO] %cDownload the React DevTools for a better development experience: https://react.dev/link/react-devtools font-weight:bold @ http://localhost:5173/node_modules/.vite/deps/react-dom_client.js?v=2e27883e:20100
[ 1698391ms] [ERROR] React has detected a change in the order of Hooks called by %s. This will lead to bugs and errors if not fixed. For more information, read the Rules of Hooks: https://react.dev/link/rules-of-hooks

   Previous render            Next render
   ------------------------------------------------------
%s   ^^^^^^^^^^^^^^^^^^^^^^^^^^^^^^^^^^^^^^^^^^^^^^^^^^^^^^
 App 1. useCallback                useCallback
2. useCallback                useCallback
3. useSyncExternalStore       useSyncExternalStore
4. useDebugValue              useDebugValue
5. useEffect                  useCallback
 @ http://localhost:5173/node_modules/.vite/deps/react-dom_client.js?v=2e27883e:5591
[ 1698392ms] Error: Rendered more hooks than during the previous render.
    at updateWorkInProgressHook (http://localhost:5173/node_modules/.vite/deps/react-dom_client.js?v=2e27883e:5790:19)
    at updateCallback (http://localhost:5173/node_modules/.vite/deps/react-dom_client.js?v=2e27883e:6514:20)
    at Object.useCallback (http://localhost:5173/node_modules/.vite/deps/react-dom_client.js?v=2e27883e:18934:18)
    at exports.useCallback (http://localhost:5173/node_modules/.vite/deps/chunk-PWOSDBIS.js?v=2e27883e:936:36)
    at useStore (http://localhost:5173/node_modules/.vite/deps/zustand.js?v=2e27883e:37:26)
    at useBoundStore (http://localhost:5173/node_modules/.vite/deps/zustand.js?v=2e27883e:44:39)
    at useAgentStream (http://localhost:5173/src/hooks/use-agent-stream.ts?t=1775150683922:11:22)
    at App (http://localhost:5173/src/App.tsx?t=1775150683922:22:3)
    at Object.react_stack_bottom_frame (http://localhost:5173/node_modules/.vite/deps/react-dom_client.js?v=2e27883e:18507:20)
    at renderWithHooks (http://localhost:5173/node_modules/.vite/deps/react-dom_client.js?v=2e27883e:5652:24)
[ 1698392ms] [WARNING] %s

%s
 An error occurred in the <App> component. Consider adding an error boundary to your tree to customize error handling behavior.
Visit https://react.dev/link/error-boundaries to learn more about error boundaries. @ http://localhost:5173/node_modules/.vite/deps/react-dom_client.js?v=2e27883e:6963
[ 1722539ms] [INFO] %cDownload the React DevTools for a better development experience: https://react.dev/link/react-devtools font-weight:bold @ http://localhost:5173/node_modules/.vite/deps/react-dom_client.js?v=2e27883e:20100
[ 1736543ms] [INFO] %cDownload the React DevTools for a better development experience: https://react.dev/link/react-devtools font-weight:bold @ http://localhost:5173/node_modules/.vite/deps/react-dom_client.js?v=2e27883e:20100
